2025-02-13 14:30:56,040 - DEBUG - Running--->lidar_infer.py
2025-02-13 14:31:31,982 - DEBUG - Running--->zed_infer.py
2025-02-13 14:31:35,317 - ERROR - Error
Traceback (most recent call last):
  File "/home/xianyang/xianyang/xy/project/Road_Assets/Infer_Python/zed_infer.py", line 180, in main
    rclpy.spin(img_sub)
  File "/opt/ros/humble/local/lib/python3.10/dist-packages/rclpy/__init__.py", line 226, in spin
    executor.spin_once()
  File "/opt/ros/humble/local/lib/python3.10/dist-packages/rclpy/executors.py", line 739, in spin_once
    self._spin_once_impl(timeout_sec)
  File "/opt/ros/humble/local/lib/python3.10/dist-packages/rclpy/executors.py", line 728, in _spin_once_impl
    handler, entity, node = self.wait_for_ready_callbacks(timeout_sec=timeout_sec)
  File "/opt/ros/humble/local/lib/python3.10/dist-packages/rclpy/executors.py", line 711, in wait_for_ready_callbacks
    return next(self._cb_iter)
  File "/opt/ros/humble/local/lib/python3.10/dist-packages/rclpy/executors.py", line 608, in _wait_for_ready_callbacks
    wait_set.wait(timeout_nsec)
KeyboardInterrupt

During handling of the above exception, another exception occurred:

Traceback (most recent call last):
  File "/home/xianyang/xianyang/xy/project/Road_Assets/Infer_Python/zed_infer.py", line 191, in <module>
    main()
  File "/home/xianyang/xianyang/xy/project/Road_Assets/Infer_Python/zed_infer.py", line 186, in main
    rclpy.shutdown()
  File "/opt/ros/humble/local/lib/python3.10/dist-packages/rclpy/__init__.py", line 130, in shutdown
    _shutdown(context=context)
  File "/opt/ros/humble/local/lib/python3.10/dist-packages/rclpy/utilities.py", line 58, in shutdown
    return context.shutdown()
  File "/opt/ros/humble/local/lib/python3.10/dist-packages/rclpy/context.py", line 102, in shutdown
    self.__context.shutdown()
rclpy._rclpy_pybind11.RCLError: failed to shutdown: rcl_shutdown already called on the given context, at ./src/rcl/init.c:241

2025-02-13 14:31:44,594 - DEBUG - Running--->lidar_infer_socket.py
2025-02-13 14:32:59,017 - DEBUG - Running--->lidar_infer.py
2025-02-13 14:43:20,432 - DEBUG - Running--->lidar_infer.py
2025-02-13 14:44:18,363 - DEBUG - Running--->lidar_infer.py
2025-02-13 14:49:18,803 - DEBUG - Running--->lidar_infer.py
2025-02-13 14:49:36,048 - DEBUG - Running--->lidar_infer.py
2025-02-13 15:04:31,811 - DEBUG - Running--->demo.py
2025-02-13 15:04:32,404 - ERROR - Error
Traceback (most recent call last):
  File "/home/xianyang/xianyang/xy/project/Road_Assets/Infer_Python/demo.py", line 368, in <module>
    main()
  File "/home/xianyang/xianyang/xy/project/Road_Assets/Infer_Python/demo.py", line 341, in main
    from xy.detect_svo import detect_svo_track
  File "/home/xianyang/xianyang/xy/project/Road_Assets/Infer_Python/xy/detect_svo.py", line 15, in <module>
    from pyzed import sl
ModuleNotFoundError: No module named 'pyzed'

